2026-03-24 14:38:27 INFO  PortalPage - successfully login
2026-03-24 14:39:15 INFO  PortalPage - successfully otp verified
2026-03-24 15:10:32 INFO  BaseTestPortal - successfully login
2026-03-24 15:10:32 INFO  BaseTestPortal - ===== Starting OTP Verification =====
2026-03-24 15:10:32 INFO  BaseTestPortal - Waiting for verify button
2026-03-24 15:10:51 INFO  BaseTestPortal - Clicking verify button
2026-03-24 15:11:16 INFO  BaseTestPortal - Waiting for dashboard (book now)
2026-03-24 15:11:16 INFO  BaseTestPortal - successfully otp verified 
2026-03-24 16:38:04 INFO  BaseTestPortal - successfully login
2026-03-24 16:38:04 INFO  BaseTestPortal - ===== Starting OTP Verification =====
2026-03-24 16:38:04 INFO  BaseTestPortal - Waiting for verify button
2026-03-24 16:38:23 INFO  BaseTestPortal - Clicking verify button
2026-03-24 16:38:48 INFO  BaseTestPortal - Waiting for dashboard (book now)
2026-03-24 16:38:48 INFO  BaseTestPortal - successfully otp verified 
2026-03-24 17:43:39 INFO  BaseTestPortal - successfully login
2026-03-24 17:43:39 INFO  BaseTestPortal - ===== Starting OTP Verification =====
2026-03-24 17:43:39 INFO  BaseTestPortal - Waiting for verify button
2026-03-24 17:43:57 INFO  BaseTestPortal - Clicking verify button
2026-03-24 17:44:23 INFO  BaseTestPortal - Waiting for dashboard (book now)
2026-03-24 17:44:23 INFO  BaseTestPortal - successfully otp verified 
2026-03-25 13:06:07 INFO  BaseTestPortal - successfully login
2026-03-25 13:06:07 INFO  BaseTestPortal - ===== Starting OTP Verification =====
2026-03-25 13:06:07 INFO  BaseTestPortal - Waiting for verify button
2026-03-25 13:06:27 INFO  BaseTestPortal - Clicking verify button
2026-03-25 13:07:35 INFO  BaseTestPortal - successfully login
2026-03-25 13:07:35 INFO  BaseTestPortal - ===== Starting OTP Verification =====
2026-03-25 13:07:35 INFO  BaseTestPortal - Waiting for verify button
2026-03-25 13:07:54 INFO  BaseTestPortal - Clicking verify button
2026-03-25 13:09:19 INFO  BaseTestPortal - Waiting for dashboard (book now)
2026-03-25 13:09:19 INFO  BaseTestPortal - successfully otp verified 
2026-03-25 14:14:02 INFO  BaseTestPortal - successfully login
2026-03-25 14:14:02 INFO  BaseTestPortal - ===== Starting OTP Verification =====
2026-03-25 14:14:02 INFO  BaseTestPortal - Waiting for verify button
2026-03-25 14:14:21 INFO  BaseTestPortal - Clicking verify button
2026-03-25 14:15:51 INFO  BaseTestPortal - Waiting for dashboard (book now)
2026-03-25 14:15:51 INFO  BaseTestPortal - successfully otp verified 
2026-03-25 14:20:18 INFO  BaseTestPortal - successfully login
2026-03-25 14:20:18 INFO  BaseTestPortal - ===== Starting OTP Verification =====
2026-03-25 14:20:18 INFO  BaseTestPortal - Waiting for verify button
2026-03-25 14:20:39 INFO  BaseTestPortal - Clicking verify button
2026-03-25 14:21:53 INFO  BaseTestPortal - successfully login
2026-03-25 14:21:53 INFO  BaseTestPortal - ===== Starting OTP Verification =====
2026-03-25 14:21:53 INFO  BaseTestPortal - Waiting for verify button
2026-03-25 14:22:12 INFO  BaseTestPortal - Clicking verify button
2026-03-25 14:23:43 INFO  BaseTestPortal - Waiting for dashboard (book now)
2026-03-25 14:23:43 INFO  BaseTestPortal - successfully otp verified 
2026-03-25 14:34:03 INFO  BaseTestPortal - successfully login
2026-03-25 14:34:03 INFO  BaseTestPortal - ===== Starting OTP Verification =====
2026-03-25 14:34:03 INFO  BaseTestPortal - Waiting for verify button
2026-03-25 14:34:23 INFO  BaseTestPortal - Clicking verify button
2026-03-25 14:35:45 INFO  BaseTestPortal - Waiting for dashboard (book now)
2026-03-25 14:35:45 INFO  BaseTestPortal - successfully otp verified 
2026-03-25 15:19:08 INFO  BaseTestPortal - successfully login
2026-03-25 15:19:08 INFO  BaseTestPortal - ===== Starting OTP Verification =====
2026-03-25 15:19:08 INFO  BaseTestPortal - Waiting for verify button
2026-03-25 15:19:28 INFO  BaseTestPortal - Clicking verify button
2026-03-25 15:20:58 INFO  BaseTestPortal - Waiting for dashboard (book now)
2026-03-25 15:20:58 INFO  BaseTestPortal - successfully otp verified 
2026-03-25 15:33:29 INFO  BaseTestPortal - successfully login
2026-03-25 15:33:29 INFO  BaseTestPortal - ===== Starting OTP Verification =====
2026-03-25 15:33:29 INFO  BaseTestPortal - Waiting for verify button
2026-03-25 15:33:48 INFO  BaseTestPortal - Clicking verify button
2026-03-25 15:35:51 INFO  BaseTestPortal - Waiting for dashboard (book now)
2026-03-25 15:35:51 INFO  BaseTestPortal - successfully otp verified 
2026-03-25 15:39:40 INFO  BaseTestPortal - successfully login
2026-03-25 15:39:40 INFO  BaseTestPortal - ===== Starting OTP Verification =====
2026-03-25 15:39:40 INFO  BaseTestPortal - Waiting for verify button
2026-03-25 15:39:59 INFO  BaseTestPortal - Clicking verify button
2026-03-25 15:41:28 INFO  BaseTestPortal - Waiting for dashboard (book now)
2026-03-25 15:41:28 INFO  BaseTestPortal - successfully otp verified 
2026-03-25 15:46:30 INFO  BaseTestPortal - successfully login
2026-03-25 15:46:30 INFO  BaseTestPortal - ===== Starting OTP Verification =====
2026-03-25 15:46:30 INFO  BaseTestPortal - Waiting for verify button
2026-03-25 15:46:51 INFO  BaseTestPortal - Clicking verify button
2026-03-25 15:48:32 INFO  BaseTestPortal - Waiting for dashboard (book now)
2026-03-25 15:48:32 INFO  BaseTestPortal - successfully otp verified 
2026-03-25 15:56:42 INFO  BaseTestPortal - successfully login
2026-03-25 15:56:42 INFO  BaseTestPortal - ===== Starting OTP Verification =====
2026-03-25 15:56:42 INFO  BaseTestPortal - Waiting for verify button
2026-03-25 15:57:01 INFO  BaseTestPortal - Clicking verify button
2026-03-25 15:58:28 INFO  BaseTestPortal - Waiting for dashboard (book now)
2026-03-25 15:58:28 INFO  BaseTestPortal - successfully otp verified 
2026-03-25 16:00:14 INFO  BaseTestPortal - based on rank college filtered successfully
2026-03-25 16:01:08 INFO  BaseTestPortal - chaeck the news and renk also
2026-03-25 16:10:21 INFO  BaseTestPortal - successfully login
2026-03-25 16:10:21 INFO  BaseTestPortal - ===== Starting OTP Verification =====
2026-03-25 16:10:21 INFO  BaseTestPortal - Waiting for verify button
2026-03-25 16:10:39 INFO  BaseTestPortal - Clicking verify button
2026-03-25 16:11:58 INFO  BaseTestPortal - Waiting for dashboard (book now)
2026-03-25 16:11:58 INFO  BaseTestPortal - successfully otp verified 
2026-03-25 16:13:16 INFO  BaseTestPortal - successfully login
2026-03-25 16:13:16 INFO  BaseTestPortal - ===== Starting OTP Verification =====
2026-03-25 16:13:16 INFO  BaseTestPortal - Waiting for verify button
2026-03-25 16:13:36 INFO  BaseTestPortal - Clicking verify button
2026-03-25 16:15:04 INFO  BaseTestPortal - Waiting for dashboard (book now)
2026-03-25 16:15:04 INFO  BaseTestPortal - successfully otp verified 
2026-03-25 16:20:11 INFO  BaseTestPortal - successfully login
2026-03-25 16:20:11 INFO  BaseTestPortal - ===== Starting OTP Verification =====
2026-03-25 16:20:11 INFO  BaseTestPortal - Waiting for verify button
2026-03-25 16:20:30 INFO  BaseTestPortal - Clicking verify button
2026-03-25 16:22:07 INFO  BaseTestPortal - Waiting for dashboard (book now)
2026-03-25 16:22:07 INFO  BaseTestPortal - successfully otp verified 
2026-03-25 16:29:21 INFO  BaseTestPortal - successfully login
2026-03-25 16:29:21 INFO  BaseTestPortal - ===== Starting OTP Verification =====
2026-03-25 16:29:21 INFO  BaseTestPortal - Waiting for verify button
2026-03-25 16:29:43 INFO  BaseTestPortal - Clicking verify button
2026-03-25 16:31:42 INFO  BaseTestPortal - Waiting for dashboard (book now)
2026-03-25 16:31:42 INFO  BaseTestPortal - successfully otp verified 
2026-03-25 17:39:13 INFO  BaseTestPortal - successfully login
2026-03-25 17:39:13 INFO  BaseTestPortal - ===== Starting OTP Verification =====
2026-03-25 17:39:13 INFO  BaseTestPortal - Waiting for verify button
2026-03-25 17:39:39 INFO  BaseTestPortal - Clicking verify button
2026-03-25 17:42:00 INFO  BaseTestPortal - Waiting for dashboard (book now)
2026-03-25 17:42:00 INFO  BaseTestPortal - successfully otp verified 
2026-03-25 17:47:36 INFO  BaseTestPortal - successfully login
2026-03-25 17:47:36 INFO  BaseTestPortal - ===== Starting OTP Verification =====
2026-03-25 17:47:36 INFO  BaseTestPortal - Waiting for verify button
2026-03-25 17:48:25 INFO  BaseTestPortal - Clicking verify button
2026-03-25 17:53:59 INFO  BaseTestPortal - successfully login
2026-03-25 17:53:59 INFO  BaseTestPortal - ===== Starting OTP Verification =====
2026-03-25 17:53:59 INFO  BaseTestPortal - Waiting for verify button
2026-03-25 17:54:18 INFO  BaseTestPortal - Clicking verify button
2026-03-25 17:55:49 INFO  BaseTestPortal - Waiting for dashboard (book now)
2026-03-25 17:55:49 INFO  BaseTestPortal - successfully otp verified 
2026-03-25 17:57:43 INFO  BaseTestPortal - successfully login
2026-03-25 17:57:43 INFO  BaseTestPortal - ===== Starting OTP Verification =====
2026-03-25 17:57:43 INFO  BaseTestPortal - Waiting for verify button
2026-03-25 17:58:07 INFO  BaseTestPortal - Clicking verify button
2026-03-25 18:00:04 INFO  BaseTestPortal - Waiting for dashboard (book now)
2026-03-25 18:00:04 INFO  BaseTestPortal - successfully otp verified 
2026-03-25 18:04:37 INFO  BaseTestPortal - successfully login
2026-03-25 18:04:37 INFO  BaseTestPortal - ===== Starting OTP Verification =====
2026-03-25 18:04:37 INFO  BaseTestPortal - Waiting for verify button
2026-03-25 18:04:57 INFO  BaseTestPortal - Clicking verify button
2026-03-25 18:06:34 INFO  BaseTestPortal - Waiting for dashboard (book now)
2026-03-25 18:06:34 INFO  BaseTestPortal - successfully otp verified 
2026-03-25 18:10:23 INFO  BaseTestPortal - successfully login
2026-03-25 18:10:23 INFO  BaseTestPortal - ===== Starting OTP Verification =====
2026-03-25 18:10:23 INFO  BaseTestPortal - Waiting for verify button
2026-03-25 18:10:42 INFO  BaseTestPortal - Clicking verify button
2026-03-25 18:12:19 INFO  BaseTestPortal - Waiting for dashboard (book now)
2026-03-25 18:12:19 INFO  BaseTestPortal - successfully otp verified 
2026-03-25 18:14:20 INFO  BaseTestPortal - successfully login
2026-03-25 18:14:20 INFO  BaseTestPortal - ===== Starting OTP Verification =====
2026-03-25 18:14:20 INFO  BaseTestPortal - Waiting for verify button
2026-03-25 18:14:46 INFO  BaseTestPortal - Clicking verify button
2026-03-25 18:16:59 INFO  BaseTestPortal - Waiting for dashboard (book now)
2026-03-25 18:16:59 INFO  BaseTestPortal - successfully otp verified 
2026-03-25 18:20:01 INFO  BaseTestPortal - successfully login
2026-03-25 18:20:01 INFO  BaseTestPortal - ===== Starting OTP Verification =====
2026-03-25 18:20:01 INFO  BaseTestPortal - Waiting for verify button
2026-03-25 18:20:28 INFO  BaseTestPortal - Clicking verify button
2026-03-25 18:22:39 INFO  BaseTestPortal - Waiting for dashboard (book now)
2026-03-25 18:22:39 INFO  BaseTestPortal - successfully otp verified 
2026-03-25 18:25:31 INFO  BaseTestPortal - based on rank college filtered successfully
2026-03-25 18:27:27 INFO  BaseTestPortal - chaeck the news and renk also
2026-03-25 18:54:21 INFO  BaseTestPortal - successfully login
2026-03-25 18:54:21 INFO  BaseTestPortal - ===== Starting OTP Verification =====
2026-03-25 18:54:21 INFO  BaseTestPortal - Waiting for verify button
2026-03-25 18:54:41 INFO  BaseTestPortal - Clicking verify button
2026-03-25 18:56:15 INFO  BaseTestPortal - Waiting for dashboard (book now)
2026-03-25 18:56:15 INFO  BaseTestPortal - successfully otp verified 
2026-03-25 18:58:02 INFO  BaseTestPortal - based on rank college filtered successfully
2026-03-25 18:58:57 INFO  BaseTestPortal - chaeck the news and renk also
2026-03-26 10:08:06 INFO  BaseTestPortal - successfully login
2026-03-26 10:08:06 INFO  BaseTestPortal - ===== Starting OTP Verification =====
2026-03-26 10:08:06 INFO  BaseTestPortal - Waiting for verify button
2026-03-26 10:08:25 INFO  BaseTestPortal - Clicking verify button
2026-03-26 10:09:25 INFO  BaseTestPortal - successfully login
2026-03-26 10:09:26 INFO  BaseTestPortal - ===== Starting OTP Verification =====
2026-03-26 10:09:26 INFO  BaseTestPortal - Waiting for verify button
2026-03-26 10:09:44 INFO  BaseTestPortal - Clicking verify button
2026-03-26 10:44:48 INFO  BaseTestPortal - successfully login
2026-03-26 10:44:48 INFO  BaseTestPortal - ===== Starting OTP Verification =====
2026-03-26 10:44:48 INFO  BaseTestPortal - Waiting for verify button
2026-03-26 10:45:07 INFO  BaseTestPortal - Clicking verify button
2026-03-26 10:46:36 INFO  BaseTestPortal - Waiting for dashboard (book now)
2026-03-26 10:46:36 INFO  BaseTestPortal - successfully otp verified 
2026-03-26 10:48:29 INFO  BaseTestPortal - based on rank college filtered successfully
2026-03-26 10:54:47 INFO  BaseTestPortal - successfully login
2026-03-26 10:54:47 INFO  BaseTestPortal - ===== Starting OTP Verification =====
2026-03-26 10:54:47 INFO  BaseTestPortal - Waiting for verify button
2026-03-26 10:56:04 INFO  BaseTestPortal - successfully login
2026-03-26 10:56:04 INFO  BaseTestPortal - ===== Starting OTP Verification =====
2026-03-26 10:56:04 INFO  BaseTestPortal - Waiting for verify button
2026-03-26 10:56:23 INFO  BaseTestPortal - Clicking verify button
2026-03-26 10:57:55 INFO  BaseTestPortal - Waiting for dashboard (book now)
2026-03-26 10:57:55 INFO  BaseTestPortal - successfully otp verified 
2026-03-26 10:59:59 INFO  BaseTestPortal - successfully login
2026-03-26 10:59:59 INFO  BaseTestPortal - ===== Starting OTP Verification =====
2026-03-26 10:59:59 INFO  BaseTestPortal - Waiting for verify button
2026-03-26 11:00:18 INFO  BaseTestPortal - Clicking verify button
2026-03-26 11:02:13 INFO  BaseTestPortal - Waiting for dashboard (book now)
2026-03-26 11:02:13 INFO  BaseTestPortal - successfully otp verified 
2026-03-26 11:21:43 INFO  BaseTestPortal - successfully login
2026-03-26 11:21:43 INFO  BaseTestPortal - ===== Starting OTP Verification =====
2026-03-26 11:21:43 INFO  BaseTestPortal - Waiting for verify button
2026-03-26 11:22:02 INFO  BaseTestPortal - Clicking verify button
2026-03-26 11:23:27 INFO  BaseTestPortal - Waiting for dashboard (book now)
2026-03-26 11:23:27 INFO  BaseTestPortal - successfully otp verified 
2026-03-26 11:38:15 INFO  BaseTestPortal - successfully login
2026-03-26 11:38:15 INFO  BaseTestPortal - ===== Starting OTP Verification =====
2026-03-26 11:38:15 INFO  BaseTestPortal - Waiting for verify button
2026-03-26 11:38:35 INFO  BaseTestPortal - Clicking verify button
2026-03-26 11:39:01 INFO  BaseTestPortal - Waiting for dashboard (book now)
2026-03-26 11:39:01 INFO  BaseTestPortal - successfully otp verified 
2026-03-26 11:40:13 INFO  BaseTestPortal - successfully login
2026-03-26 11:40:13 INFO  BaseTestPortal - ===== Starting OTP Verification =====
2026-03-26 11:40:13 INFO  BaseTestPortal - Waiting for verify button
2026-03-26 11:40:32 INFO  BaseTestPortal - Clicking verify button
2026-03-26 11:42:03 INFO  BaseTestPortal - Waiting for dashboard (book now)
2026-03-26 11:42:03 INFO  BaseTestPortal - successfully otp verified 
2026-03-26 11:43:58 INFO  BaseTestPortal - successfully login
2026-03-26 11:43:58 INFO  BaseTestPortal - ===== Starting OTP Verification =====
2026-03-26 11:43:58 INFO  BaseTestPortal - Waiting for verify button
2026-03-26 11:44:19 INFO  BaseTestPortal - Clicking verify button
2026-03-26 11:46:11 INFO  BaseTestPortal - Waiting for dashboard (book now)
2026-03-26 11:46:11 INFO  BaseTestPortal - successfully otp verified 
2026-03-26 12:16:20 INFO  BaseTestPortal - successfully login
2026-03-26 12:16:20 INFO  BaseTestPortal - ===== Starting OTP Verification =====
2026-03-26 12:16:20 INFO  BaseTestPortal - Waiting for verify button
2026-03-26 12:16:47 INFO  BaseTestPortal - Clicking verify button
2026-03-26 12:18:41 INFO  BaseTestPortal - Waiting for dashboard (book now)
2026-03-26 12:18:41 INFO  BaseTestPortal - successfully otp verified 
2026-03-26 12:21:36 INFO  BaseTestPortal - successfully login
2026-03-26 12:21:36 INFO  BaseTestPortal - ===== Starting OTP Verification =====
2026-03-26 12:21:36 INFO  BaseTestPortal - Waiting for verify button
2026-03-26 12:21:54 INFO  BaseTestPortal - Clicking verify button
2026-03-26 12:22:22 INFO  BaseTestPortal - Waiting for dashboard (book now)
2026-03-26 12:22:22 INFO  BaseTestPortal - successfully otp verified 
2026-03-26 12:23:32 INFO  BaseTestPortal - successfully login
2026-03-26 12:23:32 INFO  BaseTestPortal - ===== Starting OTP Verification =====
2026-03-26 12:23:32 INFO  BaseTestPortal - Waiting for verify button
2026-03-26 12:23:50 INFO  BaseTestPortal - Clicking verify button
2026-03-26 12:24:16 INFO  BaseTestPortal - Waiting for dashboard (book now)
2026-03-26 12:24:16 INFO  BaseTestPortal - successfully otp verified 
2026-03-26 12:29:32 INFO  BaseTestPortal - successfully login
2026-03-26 12:29:32 INFO  BaseTestPortal - ===== Starting OTP Verification =====
2026-03-26 12:29:32 INFO  BaseTestPortal - Waiting for verify button
2026-03-26 12:29:51 INFO  BaseTestPortal - Clicking verify button
2026-03-26 12:31:18 INFO  BaseTestPortal - Waiting for dashboard (book now)
2026-03-26 12:31:18 INFO  BaseTestPortal - successfully otp verified 
2026-03-26 12:33:28 INFO  BaseTestPortal - successfully login
2026-03-26 12:33:28 INFO  BaseTestPortal - ===== Starting OTP Verification =====
2026-03-26 12:33:28 INFO  BaseTestPortal - Waiting for verify button
2026-03-26 12:33:49 INFO  BaseTestPortal - Clicking verify button
2026-03-26 12:35:31 INFO  BaseTestPortal - Waiting for dashboard (book now)
2026-03-26 12:35:31 INFO  BaseTestPortal - successfully otp verified 
2026-03-26 12:43:09 INFO  BaseTestPortal - successfully login
2026-03-26 12:43:09 INFO  BaseTestPortal - ===== Starting OTP Verification =====
2026-03-26 12:43:09 INFO  BaseTestPortal - Waiting for verify button
2026-03-26 12:43:28 INFO  BaseTestPortal - Clicking verify button
2026-03-26 12:44:52 INFO  BaseTestPortal - Waiting for dashboard (book now)
2026-03-26 12:44:52 INFO  BaseTestPortal - successfully otp verified 
2026-03-26 12:51:01 INFO  BaseTestPortal - successfully login
2026-03-26 12:51:01 INFO  BaseTestPortal - ===== Starting OTP Verification =====
2026-03-26 12:51:01 INFO  BaseTestPortal - Waiting for verify button
2026-03-26 12:51:21 INFO  BaseTestPortal - Clicking verify button
2026-03-26 12:52:50 INFO  BaseTestPortal - Waiting for dashboard (book now)
2026-03-26 12:52:50 INFO  BaseTestPortal - successfully otp verified 
2026-03-26 13:11:21 INFO  BaseTestPortal - successfully login
2026-03-26 13:11:21 INFO  BaseTestPortal - ===== Starting OTP Verification =====
2026-03-26 13:11:21 INFO  BaseTestPortal - Waiting for verify button
2026-03-26 13:11:41 INFO  BaseTestPortal - Clicking verify button
2026-03-26 13:12:39 INFO  BaseTestPortal - successfully login
2026-03-26 13:12:39 INFO  BaseTestPortal - ===== Starting OTP Verification =====
2026-03-26 13:12:39 INFO  BaseTestPortal - Waiting for verify button
2026-03-26 13:12:57 INFO  BaseTestPortal - Clicking verify button
2026-03-26 13:14:23 INFO  BaseTestPortal - Waiting for dashboard (book now)
2026-03-26 13:14:23 INFO  BaseTestPortal - successfully otp verified 
2026-03-26 13:34:59 INFO  BaseTestPortal - successfully login
2026-03-26 13:34:59 INFO  BaseTestPortal - ===== Starting OTP Verification =====
2026-03-26 13:34:59 INFO  BaseTestPortal - Waiting for verify button
2026-03-26 13:35:18 INFO  BaseTestPortal - Clicking verify button
2026-03-26 13:36:42 INFO  BaseTestPortal - Waiting for dashboard (book now)
2026-03-26 13:36:42 INFO  BaseTestPortal - successfully otp verified 
2026-03-26 15:12:58 INFO  BaseTestPortal - successfully login
2026-03-26 15:12:58 INFO  BaseTestPortal - ===== Starting OTP Verification =====
2026-03-26 15:12:58 INFO  BaseTestPortal - Waiting for verify button
2026-03-26 15:13:18 INFO  BaseTestPortal - Clicking verify button
2026-03-26 15:14:47 INFO  BaseTestPortal - Waiting for dashboard (book now)
2026-03-26 15:14:47 INFO  BaseTestPortal - successfully otp verified 
2026-03-26 15:29:35 INFO  BaseTestPortal - successfully login
2026-03-26 15:29:35 INFO  BaseTestPortal - ===== Starting OTP Verification =====
2026-03-26 15:29:35 INFO  BaseTestPortal - Waiting for verify button
2026-03-26 15:29:54 INFO  BaseTestPortal - Clicking verify button
2026-03-26 15:31:22 INFO  BaseTestPortal - Waiting for dashboard (book now)
2026-03-26 15:31:22 INFO  BaseTestPortal - successfully otp verified 
2026-03-26 15:46:14 INFO  BaseTestPortal - successfully login
2026-03-26 15:46:14 INFO  BaseTestPortal - ===== Starting OTP Verification =====
2026-03-26 15:46:14 INFO  BaseTestPortal - Waiting for verify button
2026-03-26 15:46:33 INFO  BaseTestPortal - Clicking verify button
2026-03-26 15:46:58 INFO  BaseTestPortal - Waiting for dashboard (book now)
2026-03-26 15:46:58 INFO  BaseTestPortal - successfully otp verified 
2026-03-26 15:48:32 INFO  BaseTestPortal - successfully login
2026-03-26 15:48:32 INFO  BaseTestPortal - ===== Starting OTP Verification =====
2026-03-26 15:48:32 INFO  BaseTestPortal - Waiting for verify button
2026-03-26 15:48:51 INFO  BaseTestPortal - Clicking verify button
2026-03-26 15:49:17 INFO  BaseTestPortal - Waiting for dashboard (book now)
2026-03-26 15:49:17 INFO  BaseTestPortal - successfully otp verified 
2026-03-26 16:02:21 INFO  BaseTestPortal - successfully login
2026-03-26 16:02:21 INFO  BaseTestPortal - ===== Starting OTP Verification =====
2026-03-26 16:02:21 INFO  BaseTestPortal - Waiting for verify button
2026-03-26 16:02:41 INFO  BaseTestPortal - Clicking verify button
2026-03-26 16:04:05 INFO  BaseTestPortal - successfully login
2026-03-26 16:04:05 INFO  BaseTestPortal - ===== Starting OTP Verification =====
2026-03-26 16:04:05 INFO  BaseTestPortal - Waiting for verify button
2026-03-26 16:04:25 INFO  BaseTestPortal - Clicking verify button
2026-03-26 16:05:52 INFO  BaseTestPortal - Waiting for dashboard (book now)
2026-03-26 16:05:52 INFO  BaseTestPortal - successfully otp verified 
2026-03-26 16:16:02 INFO  BaseTestPortal - successfully login
2026-03-26 16:16:02 INFO  BaseTestPortal - ===== Starting OTP Verification =====
2026-03-26 16:16:02 INFO  BaseTestPortal - Waiting for verify button
2026-03-26 16:16:21 INFO  BaseTestPortal - Clicking verify button
2026-03-26 16:17:41 INFO  BaseTestPortal - Waiting for dashboard (book now)
2026-03-26 16:17:41 INFO  BaseTestPortal - successfully otp verified 
2026-03-26 16:40:56 INFO  BaseTestPortal - successfully login
2026-03-26 16:40:56 INFO  BaseTestPortal - ===== Starting OTP Verification =====
2026-03-26 16:40:56 INFO  BaseTestPortal - Waiting for verify button
2026-03-26 16:41:15 INFO  BaseTestPortal - Clicking verify button
2026-03-26 16:42:49 INFO  BaseTestPortal - Waiting for dashboard (book now)
2026-03-26 16:42:49 INFO  BaseTestPortal - successfully otp verified 
2026-03-26 17:34:12 INFO  BaseTestPortal - successfully login
2026-03-26 17:34:12 INFO  BaseTestPortal - ===== Starting OTP Verification =====
2026-03-26 17:34:12 INFO  BaseTestPortal - Waiting for verify button
2026-03-26 17:34:30 INFO  BaseTestPortal - Clicking verify button
2026-03-26 17:36:02 INFO  BaseTestPortal - Waiting for dashboard (book now)
2026-03-26 17:36:02 INFO  BaseTestPortal - successfully otp verified 
2026-03-26 18:02:15 INFO  BaseTestPortal - successfully login
2026-03-26 18:02:15 INFO  BaseTestPortal - ===== Starting OTP Verification =====
2026-03-26 18:02:15 INFO  BaseTestPortal - Waiting for verify button
2026-03-26 18:02:34 INFO  BaseTestPortal - Clicking verify button
2026-03-26 18:03:00 INFO  BaseTestPortal - Waiting for dashboard (book now)
2026-03-26 18:03:00 INFO  BaseTestPortal - successfully otp verified 
2026-03-26 18:17:07 INFO  BaseTestPortal - successfully login
2026-03-26 18:17:07 INFO  BaseTestPortal - ===== Starting OTP Verification =====
2026-03-26 18:17:07 INFO  BaseTestPortal - Waiting for verify button
2026-03-26 18:17:27 INFO  BaseTestPortal - Clicking verify button
2026-03-26 18:17:53 INFO  BaseTestPortal - Waiting for dashboard (book now)
2026-03-26 18:17:53 INFO  BaseTestPortal - successfully otp verified 
2026-03-26 18:20:16 INFO  BaseTestPortal - successfully login
2026-03-26 18:20:16 INFO  BaseTestPortal - ===== Starting OTP Verification =====
2026-03-26 18:20:16 INFO  BaseTestPortal - Waiting for verify button
2026-03-26 18:20:34 INFO  BaseTestPortal - Clicking verify button
2026-03-26 18:22:04 INFO  BaseTestPortal - Waiting for dashboard (book now)
2026-03-26 18:22:04 INFO  BaseTestPortal - successfully otp verified 
2026-03-26 18:23:57 INFO  BaseTestPortal - based on rank college filtered successfully
2026-03-26 18:25:18 INFO  BaseTestPortal - chaeck the news and renk also
2026-03-26 18:32:34 INFO  BaseTestPortal - successfully login
2026-03-26 18:32:34 INFO  BaseTestPortal - ===== Starting OTP Verification =====
2026-03-26 18:32:34 INFO  BaseTestPortal - Waiting for verify button
2026-03-26 18:32:53 INFO  BaseTestPortal - Clicking verify button
2026-03-26 18:34:23 INFO  BaseTestPortal - Waiting for dashboard (book now)
2026-03-26 18:34:23 INFO  BaseTestPortal - successfully otp verified 
2026-03-26 18:36:12 INFO  BaseTestPortal - based on rank college filtered successfully
2026-03-26 18:37:25 INFO  BaseTestPortal - chaeck the news and renk also
2026-03-26 18:42:18 INFO  BaseTestPortal - successfully login
2026-03-26 18:42:18 INFO  BaseTestPortal - ===== Starting OTP Verification =====
2026-03-26 18:42:18 INFO  BaseTestPortal - Waiting for verify button
2026-03-26 18:42:37 INFO  BaseTestPortal - Clicking verify button
2026-03-26 18:44:01 INFO  BaseTestPortal - Waiting for dashboard (book now)
2026-03-26 18:44:01 INFO  BaseTestPortal - successfully otp verified 
2026-03-26 18:45:43 INFO  BaseTestPortal - based on rank college filtered successfully
2026-03-26 18:46:41 INFO  BaseTestPortal - chaeck the news and renk also
2026-03-27 11:05:38 INFO  BaseTestPortal - successfully login
2026-03-27 11:05:38 INFO  BaseTestPortal - ===== Starting OTP Verification =====
2026-03-27 11:05:38 INFO  BaseTestPortal - Waiting for verify button
2026-03-27 11:05:57 INFO  BaseTestPortal - Clicking verify button
2026-03-27 11:07:29 INFO  BaseTestPortal - Waiting for dashboard (book now)
2026-03-27 11:07:29 INFO  BaseTestPortal - successfully otp verified 
2026-03-27 13:13:16 INFO  BaseTestPortal - successfully login
2026-03-27 13:13:16 INFO  BaseTestPortal - ===== Starting OTP Verification =====
2026-03-27 13:13:16 INFO  BaseTestPortal - Waiting for verify button
2026-03-27 13:13:35 INFO  BaseTestPortal - Clicking verify button
2026-03-27 13:14:37 INFO  BaseTestPortal - successfully login
2026-03-27 13:14:37 INFO  BaseTestPortal - ===== Starting OTP Verification =====
2026-03-27 13:14:37 INFO  BaseTestPortal - Waiting for verify button
2026-03-27 13:14:55 INFO  BaseTestPortal - Clicking verify button
2026-03-27 13:16:22 INFO  BaseTestPortal - Waiting for dashboard (book now)
2026-03-27 13:16:22 INFO  BaseTestPortal - successfully otp verified 
2026-03-27 16:04:32 INFO  BaseTestPortal - successfully login
2026-03-27 16:04:32 INFO  BaseTestPortal - ===== Starting OTP Verification =====
2026-03-27 16:04:32 INFO  BaseTestPortal - Waiting for verify button
2026-03-27 16:04:53 INFO  BaseTestPortal - Clicking verify button
2026-03-27 16:06:18 INFO  BaseTestPortal - Waiting for dashboard (book now)
2026-03-27 16:06:18 INFO  BaseTestPortal - successfully otp verified
2026-03-28 12:13:16 INFO  BaseTestPortal - successfully login
2026-03-28 12:13:16 INFO  BaseTestPortal - ===== Starting OTP Verification =====
2026-03-28 12:13:16 INFO  BaseTestPortal - Waiting for verify button
2026-03-28 12:13:35 INFO  BaseTestPortal - Clicking verify button
2026-03-28 12:15:01 INFO  BaseTestPortal - Waiting for dashboard (book now)
2026-03-28 12:15:01 INFO  BaseTestPortal - successfully otp verified
2026-03-28 12:18:22 INFO  BaseTestPortal - successfully login
2026-03-28 12:18:22 INFO  BaseTestPortal - ===== Starting OTP Verification =====
2026-03-28 12:18:22 INFO  BaseTestPortal - Waiting for verify button
2026-03-28 12:18:39 INFO  BaseTestPortal - Clicking verify button
2026-03-28 12:20:00 INFO  BaseTestPortal - successfully login
2026-03-28 12:20:00 INFO  BaseTestPortal - ===== Starting OTP Verification =====
2026-03-28 12:20:00 INFO  BaseTestPortal - Waiting for verify button
2026-03-28 12:20:19 INFO  BaseTestPortal - Clicking verify button
2026-03-28 12:21:47 INFO  BaseTestPortal - Waiting for dashboard (book now)
2026-03-28 12:21:47 INFO  BaseTestPortal - successfully otp verified
2026-03-28 12:25:52 INFO  BaseTestPortal - successfully login
2026-03-28 12:25:52 INFO  BaseTestPortal - ===== Starting OTP Verification =====
2026-03-28 12:25:52 INFO  BaseTestPortal - Waiting for verify button
2026-03-28 12:26:12 INFO  BaseTestPortal - Clicking verify button
2026-03-28 12:27:38 INFO  BaseTestPortal - Waiting for dashboard (book now)
2026-03-28 12:27:38 INFO  BaseTestPortal - successfully otp verified
2026-03-28 12:30:46 INFO  BaseTestPortal - successfully login
2026-03-28 12:30:46 INFO  BaseTestPortal - ===== Starting OTP Verification =====
2026-03-28 12:30:46 INFO  BaseTestPortal - Waiting for verify button
2026-03-28 12:31:06 INFO  BaseTestPortal - Clicking verify button
2026-03-28 12:32:34 INFO  BaseTestPortal - Waiting for dashboard (book now)
2026-03-28 12:32:34 INFO  BaseTestPortal - successfully otp verified
2026-03-28 12:36:33 INFO  BaseTestPortal - successfully login
2026-03-28 12:36:33 INFO  BaseTestPortal - ===== Starting OTP Verification =====
2026-03-28 12:36:33 INFO  BaseTestPortal - Waiting for verify button
2026-03-28 12:36:51 INFO  BaseTestPortal - Clicking verify button
2026-03-28 12:37:57 INFO  BaseTestPortal - successfully login
2026-03-28 12:37:57 INFO  BaseTestPortal - ===== Starting OTP Verification =====
2026-03-28 12:37:57 INFO  BaseTestPortal - Waiting for verify button
2026-03-28 12:38:15 INFO  BaseTestPortal - Clicking verify button
2026-03-28 12:39:46 INFO  BaseTestPortal - Waiting for dashboard (book now)
2026-03-28 12:39:46 INFO  BaseTestPortal - successfully otp verified
2026-03-28 16:31:49 INFO  BaseTestPortal - successfully login
2026-03-28 16:31:49 INFO  BaseTestPortal - ===== Starting OTP Verification =====
2026-03-28 16:31:49 INFO  BaseTestPortal - Waiting for verify button
2026-03-28 16:32:08 INFO  BaseTestPortal - Clicking verify button
2026-03-28 16:33:38 INFO  BaseTestPortal - Waiting for dashboard (book now)
2026-03-28 16:33:38 INFO  BaseTestPortal - successfully otp verified
2026-03-28 18:24:42 INFO  BaseTestPortal - successfully login
2026-03-28 18:24:42 INFO  BaseTestPortal - ===== Starting OTP Verification =====
2026-03-28 18:24:42 INFO  BaseTestPortal - Waiting for verify button
2026-03-28 18:25:00 INFO  BaseTestPortal - Clicking verify button
2026-03-28 18:26:04 INFO  BaseTestPortal - successfully login
2026-03-28 18:26:04 INFO  BaseTestPortal - ===== Starting OTP Verification =====
2026-03-28 18:26:04 INFO  BaseTestPortal - Waiting for verify button
2026-03-28 18:26:25 INFO  BaseTestPortal - Clicking verify button
2026-03-28 18:27:48 INFO  BaseTestPortal - Waiting for dashboard (book now)
2026-03-28 18:27:48 INFO  BaseTestPortal - successfully otp verified
2026-03-28 18:30:12 INFO  BaseTestPortal - successfully login
2026-03-28 18:30:12 INFO  BaseTestPortal - ===== Starting OTP Verification =====
2026-03-28 18:30:12 INFO  BaseTestPortal - Waiting for verify button
2026-03-28 18:30:31 INFO  BaseTestPortal - Clicking verify button
2026-03-28 18:31:57 INFO  BaseTestPortal - Waiting for dashboard (book now)
2026-03-28 18:31:57 INFO  BaseTestPortal - successfully otp verified
2026-03-29 12:09:07 INFO  BaseTestPortal - successfully login
2026-03-29 12:09:07 INFO  BaseTestPortal - ===== Starting OTP Verification =====
2026-03-29 12:09:07 INFO  BaseTestPortal - Waiting for verify button
2026-03-31 09:52:52 INFO  BaseTestPortal - successfully login
2026-03-31 09:52:52 INFO  BaseTestPortal - ===== Starting OTP Verification =====
2026-03-31 09:52:52 INFO  BaseTestPortal - Waiting for verify button
2026-03-31 09:53:10 INFO  BaseTestPortal - Clicking verify button
2026-03-31 09:54:34 INFO  BaseTestPortal - Waiting for dashboard (book now)
2026-03-31 09:54:34 INFO  BaseTestPortal - successfully otp verified
2026-03-31 10:24:39 INFO  BaseTestPortal - successfully login
2026-03-31 10:24:39 INFO  BaseTestPortal - ===== Starting OTP Verification =====
2026-03-31 10:24:39 INFO  BaseTestPortal - Waiting for verify button
2026-03-31 10:24:59 INFO  BaseTestPortal - Clicking verify button
2026-03-31 10:26:30 INFO  BaseTestPortal - Waiting for dashboard (book now)
2026-03-31 10:26:30 INFO  BaseTestPortal - successfully otp verified
2026-03-31 10:29:24 INFO  BaseTestPortal - successfully login
2026-03-31 10:29:24 INFO  BaseTestPortal - ===== Starting OTP Verification =====
2026-03-31 10:29:24 INFO  BaseTestPortal - Waiting for verify button
2026-03-31 10:29:43 INFO  BaseTestPortal - Clicking verify button
2026-03-31 10:30:09 INFO  BaseTestPortal - Waiting for dashboard (book now)
2026-03-31 10:30:09 INFO  BaseTestPortal - successfully otp verified
2026-03-31 10:32:27 INFO  BaseTestPortal - successfully login
2026-03-31 10:32:27 INFO  BaseTestPortal - ===== Starting OTP Verification =====
2026-03-31 10:32:27 INFO  BaseTestPortal - Waiting for verify button
2026-03-31 10:32:47 INFO  BaseTestPortal - Clicking verify button
2026-03-31 10:34:12 INFO  BaseTestPortal - Waiting for dashboard (book now)
2026-03-31 10:34:12 INFO  BaseTestPortal - successfully otp verified
2026-03-31 10:42:58 INFO  BaseTestPortal - successfully login
2026-03-31 10:42:58 INFO  BaseTestPortal - ===== Starting OTP Verification =====
2026-03-31 10:42:58 INFO  BaseTestPortal - Waiting for verify button
2026-03-31 10:43:18 INFO  BaseTestPortal - Clicking verify button
2026-03-31 10:44:43 INFO  BaseTestPortal - Waiting for dashboard (book now)
2026-03-31 10:44:43 INFO  BaseTestPortal - successfully otp verified
2026-03-31 12:37:48 INFO  BaseTestPortal - successfully login
2026-03-31 12:37:48 INFO  BaseTestPortal - ===== Starting OTP Verification =====
2026-03-31 12:37:48 INFO  BaseTestPortal - Waiting for verify button
2026-03-31 12:38:08 INFO  BaseTestPortal - Clicking verify button
2026-03-31 12:39:35 INFO  BaseTestPortal - Waiting for dashboard (book now)
2026-03-31 12:39:35 INFO  BaseTestPortal - successfully otp verified
2026-03-31 12:50:56 INFO  BaseTestPortal - successfully login
2026-03-31 12:50:56 INFO  BaseTestPortal - ===== Starting OTP Verification =====
2026-03-31 12:50:56 INFO  BaseTestPortal - Waiting for verify button
2026-03-31 12:51:15 INFO  BaseTestPortal - Clicking verify button
2026-03-31 12:52:36 INFO  BaseTestPortal - Waiting for dashboard (book now)
2026-03-31 12:52:36 INFO  BaseTestPortal - successfully otp verified
2026-03-31 12:58:05 INFO  BaseTestPortal - successfully login
2026-03-31 12:58:05 INFO  BaseTestPortal - ===== Starting OTP Verification =====
2026-03-31 12:58:05 INFO  BaseTestPortal - Waiting for verify button
2026-03-31 12:58:25 INFO  BaseTestPortal - Clicking verify button
2026-03-31 12:59:50 INFO  BaseTestPortal - Waiting for dashboard (book now)
2026-03-31 12:59:50 INFO  BaseTestPortal - successfully otp verified
2026-03-31 13:02:21 INFO  BaseTestPortal - successfully login
2026-03-31 13:02:21 INFO  BaseTestPortal - ===== Starting OTP Verification =====
2026-03-31 13:02:21 INFO  BaseTestPortal - Waiting for verify button
2026-03-31 13:02:40 INFO  BaseTestPortal - Clicking verify button
2026-03-31 13:04:00 INFO  BaseTestPortal - Waiting for dashboard (book now)
2026-03-31 13:04:00 INFO  BaseTestPortal - successfully otp verified
2026-03-31 14:36:41 INFO  BaseTestPortal - successfully login
2026-03-31 14:36:41 INFO  BaseTestPortal - ===== Starting OTP Verification =====
2026-03-31 14:36:41 INFO  BaseTestPortal - Waiting for verify button
2026-03-31 14:37:00 INFO  BaseTestPortal - Clicking verify button
2026-03-31 14:37:59 INFO  BaseTestPortal - successfully login
2026-03-31 14:37:59 INFO  BaseTestPortal - ===== Starting OTP Verification =====
2026-03-31 14:37:59 INFO  BaseTestPortal - Waiting for verify button
2026-03-31 14:38:18 INFO  BaseTestPortal - Clicking verify button
2026-03-31 14:39:46 INFO  BaseTestPortal - Waiting for dashboard (book now)
2026-03-31 14:39:46 INFO  BaseTestPortal - successfully otp verified
2026-03-31 15:07:32 INFO  BaseTestPortal - successfully login
2026-03-31 15:07:32 INFO  BaseTestPortal - ===== Starting OTP Verification =====
2026-03-31 15:07:32 INFO  BaseTestPortal - Waiting for verify button
2026-03-31 15:07:51 INFO  BaseTestPortal - Clicking verify button
2026-03-31 15:09:19 INFO  BaseTestPortal - Waiting for dashboard (book now)
2026-03-31 15:09:19 INFO  BaseTestPortal - successfully otp verified
2026-03-31 16:01:56 INFO  BaseTestPortal - successfully login
2026-03-31 16:01:56 INFO  BaseTestPortal - ===== Starting OTP Verification =====
2026-03-31 16:01:56 INFO  BaseTestPortal - Waiting for verify button
2026-03-31 16:02:15 INFO  BaseTestPortal - Clicking verify button
2026-03-31 16:03:20 INFO  BaseTestPortal - successfully login
2026-03-31 16:03:20 INFO  BaseTestPortal - ===== Starting OTP Verification =====
2026-03-31 16:03:20 INFO  BaseTestPortal - Waiting for verify button
2026-03-31 16:03:41 INFO  BaseTestPortal - Clicking verify button
2026-03-31 16:04:56 INFO  BaseTestPortal - Waiting for dashboard (book now)
2026-03-31 16:04:56 INFO  BaseTestPortal - successfully otp verified
2026-03-31 16:11:34 INFO  BaseTestPortal - successfully login
2026-03-31 16:11:34 INFO  BaseTestPortal - ===== Starting OTP Verification =====
2026-03-31 16:11:34 INFO  BaseTestPortal - Waiting for verify button
2026-03-31 16:11:51 INFO  BaseTestPortal - Clicking verify button
2026-03-31 16:12:57 INFO  BaseTestPortal - successfully login
2026-03-31 16:12:57 INFO  BaseTestPortal - ===== Starting OTP Verification =====
2026-03-31 16:12:57 INFO  BaseTestPortal - Waiting for verify button
2026-03-31 16:13:16 INFO  BaseTestPortal - Clicking verify button
2026-03-31 16:14:39 INFO  BaseTestPortal - Waiting for dashboard (book now)
2026-03-31 16:14:39 INFO  BaseTestPortal - successfully otp verified
2026-03-31 17:39:18 INFO  BaseTestPortal - successfully login
2026-03-31 17:39:18 INFO  BaseTestPortal - ===== Starting OTP Verification =====
2026-03-31 17:39:18 INFO  BaseTestPortal - Waiting for verify button
2026-03-31 17:39:38 INFO  BaseTestPortal - Clicking verify button
2026-03-31 17:41:03 INFO  BaseTestPortal - Waiting for dashboard (book now)
2026-03-31 17:41:03 INFO  BaseTestPortal - successfully otp verified
2026-03-31 17:41:54 INFO  BaseTestPortal -  tools page actions
2026-03-31 17:42:02 INFO  BaseTestPortal - click the toggle functionality
2026-03-31 17:42:15 INFO  BaseTestPortal - Switch To NEET-PG
2026-03-31 17:43:28 INFO  BaseTestPortal - Pg All tools Action
2026-03-31 17:43:33 INFO  BaseTestPortal - Click the Toggle button
2026-03-31 17:43:40 INFO  BaseTestPortal - click the neetug button
2026-03-31 17:49:13 INFO  BaseTestPortal - successfully login
2026-03-31 17:49:13 INFO  BaseTestPortal - ===== Starting OTP Verification =====
2026-03-31 17:49:13 INFO  BaseTestPortal - Waiting for verify button
2026-03-31 17:49:32 INFO  BaseTestPortal - Clicking verify button
2026-03-31 17:50:54 INFO  BaseTestPortal - Waiting for dashboard (book now)
2026-03-31 17:50:54 INFO  BaseTestPortal - successfully otp verified
2026-03-31 17:51:48 INFO  BaseTestPortal -  tools page actions
2026-03-31 17:51:54 INFO  BaseTestPortal - click the toggle functionality
2026-03-31 17:52:05 INFO  BaseTestPortal - Switch To NEET-PG
2026-03-31 17:53:15 INFO  BaseTestPortal - Pg All tools Action
2026-03-31 17:53:20 INFO  BaseTestPortal - Click the Toggle button
2026-03-31 17:53:26 INFO  BaseTestPortal - click the neetug button
2026-03-31 17:59:53 INFO  BaseTestPortal - successfully login
2026-03-31 17:59:53 INFO  BaseTestPortal - ===== Starting OTP Verification =====
2026-03-31 17:59:53 INFO  BaseTestPortal - Waiting for verify button
2026-03-31 18:00:13 INFO  BaseTestPortal - Clicking verify button
2026-03-31 18:01:07 INFO  BaseTestPortal - successfully login
2026-03-31 18:01:07 INFO  BaseTestPortal - ===== Starting OTP Verification =====
2026-03-31 18:01:07 INFO  BaseTestPortal - Waiting for verify button
2026-03-31 18:01:27 INFO  BaseTestPortal - Clicking verify button
